Archive member included because of file (symbol)

c:/program files (x86)/atmel/atmel toolchain/avr8 gcc/native/3.4.1051/avr8-gnu-toolchain/bin/../lib/gcc/avr/4.8.1/../../../../avr/lib/avr5\libm.a(addsf3.o)
                              Algorithm.o (__subsf3)
c:/program files (x86)/atmel/atmel toolchain/avr8 gcc/native/3.4.1051/avr8-gnu-toolchain/bin/../lib/gcc/avr/4.8.1/../../../../avr/lib/avr5\libm.a(addsf3x.o)
                              c:/program files (x86)/atmel/atmel toolchain/avr8 gcc/native/3.4.1051/avr8-gnu-toolchain/bin/../lib/gcc/avr/4.8.1/../../../../avr/lib/avr5\libm.a(addsf3.o) (__addsf3x)
c:/program files (x86)/atmel/atmel toolchain/avr8 gcc/native/3.4.1051/avr8-gnu-toolchain/bin/../lib/gcc/avr/4.8.1/../../../../avr/lib/avr5\libm.a(cmpsf2.o)
                              Masters Thesis.o (__ltsf2)
c:/program files (x86)/atmel/atmel toolchain/avr8 gcc/native/3.4.1051/avr8-gnu-toolchain/bin/../lib/gcc/avr/4.8.1/../../../../avr/lib/avr5\libm.a(divsf3.o)
                              Algorithm.o (__divsf3)
c:/program files (x86)/atmel/atmel toolchain/avr8 gcc/native/3.4.1051/avr8-gnu-toolchain/bin/../lib/gcc/avr/4.8.1/../../../../avr/lib/avr5\libm.a(divsf3x.o)
                              c:/program files (x86)/atmel/atmel toolchain/avr8 gcc/native/3.4.1051/avr8-gnu-toolchain/bin/../lib/gcc/avr/4.8.1/../../../../avr/lib/avr5\libm.a(divsf3.o) (__divsf3x)
c:/program files (x86)/atmel/atmel toolchain/avr8 gcc/native/3.4.1051/avr8-gnu-toolchain/bin/../lib/gcc/avr/4.8.1/../../../../avr/lib/avr5\libm.a(exp.o)
                              Algorithm.o (exp)
c:/program files (x86)/atmel/atmel toolchain/avr8 gcc/native/3.4.1051/avr8-gnu-toolchain/bin/../lib/gcc/avr/4.8.1/../../../../avr/lib/avr5\libm.a(fixsfsi.o)
                              Algorithm.o (__fixsfsi)
c:/program files (x86)/atmel/atmel toolchain/avr8 gcc/native/3.4.1051/avr8-gnu-toolchain/bin/../lib/gcc/avr/4.8.1/../../../../avr/lib/avr5\libm.a(fixunssfsi.o)
                              Algorithm.o (__fixunssfsi)
c:/program files (x86)/atmel/atmel toolchain/avr8 gcc/native/3.4.1051/avr8-gnu-toolchain/bin/../lib/gcc/avr/4.8.1/../../../../avr/lib/avr5\libm.a(floatsisf.o)
                              Algorithm.o (__floatunsisf)
c:/program files (x86)/atmel/atmel toolchain/avr8 gcc/native/3.4.1051/avr8-gnu-toolchain/bin/../lib/gcc/avr/4.8.1/../../../../avr/lib/avr5\libm.a(fp_cmp.o)
                              c:/program files (x86)/atmel/atmel toolchain/avr8 gcc/native/3.4.1051/avr8-gnu-toolchain/bin/../lib/gcc/avr/4.8.1/../../../../avr/lib/avr5\libm.a(cmpsf2.o) (__fp_cmp)
c:/program files (x86)/atmel/atmel toolchain/avr8 gcc/native/3.4.1051/avr8-gnu-toolchain/bin/../lib/gcc/avr/4.8.1/../../../../avr/lib/avr5\libm.a(fp_inf.o)
                              c:/program files (x86)/atmel/atmel toolchain/avr8 gcc/native/3.4.1051/avr8-gnu-toolchain/bin/../lib/gcc/avr/4.8.1/../../../../avr/lib/avr5\libm.a(addsf3x.o) (__fp_inf)
c:/program files (x86)/atmel/atmel toolchain/avr8 gcc/native/3.4.1051/avr8-gnu-toolchain/bin/../lib/gcc/avr/4.8.1/../../../../avr/lib/avr5\libm.a(fp_nan.o)
                              c:/program files (x86)/atmel/atmel toolchain/avr8 gcc/native/3.4.1051/avr8-gnu-toolchain/bin/../lib/gcc/avr/4.8.1/../../../../avr/lib/avr5\libm.a(addsf3x.o) (__fp_nan)
c:/program files (x86)/atmel/atmel toolchain/avr8 gcc/native/3.4.1051/avr8-gnu-toolchain/bin/../lib/gcc/avr/4.8.1/../../../../avr/lib/avr5\libm.a(fp_powser.o)
                              c:/program files (x86)/atmel/atmel toolchain/avr8 gcc/native/3.4.1051/avr8-gnu-toolchain/bin/../lib/gcc/avr/4.8.1/../../../../avr/lib/avr5\libm.a(exp.o) (__fp_powser)
c:/program files (x86)/atmel/atmel toolchain/avr8 gcc/native/3.4.1051/avr8-gnu-toolchain/bin/../lib/gcc/avr/4.8.1/../../../../avr/lib/avr5\libm.a(fp_pscA.o)
                              c:/program files (x86)/atmel/atmel toolchain/avr8 gcc/native/3.4.1051/avr8-gnu-toolchain/bin/../lib/gcc/avr/4.8.1/../../../../avr/lib/avr5\libm.a(addsf3x.o) (__fp_pscA)
c:/program files (x86)/atmel/atmel toolchain/avr8 gcc/native/3.4.1051/avr8-gnu-toolchain/bin/../lib/gcc/avr/4.8.1/../../../../avr/lib/avr5\libm.a(fp_pscB.o)
                              c:/program files (x86)/atmel/atmel toolchain/avr8 gcc/native/3.4.1051/avr8-gnu-toolchain/bin/../lib/gcc/avr/4.8.1/../../../../avr/lib/avr5\libm.a(addsf3x.o) (__fp_pscB)
c:/program files (x86)/atmel/atmel toolchain/avr8 gcc/native/3.4.1051/avr8-gnu-toolchain/bin/../lib/gcc/avr/4.8.1/../../../../avr/lib/avr5\libm.a(fp_round.o)
                              c:/program files (x86)/atmel/atmel toolchain/avr8 gcc/native/3.4.1051/avr8-gnu-toolchain/bin/../lib/gcc/avr/4.8.1/../../../../avr/lib/avr5\libm.a(addsf3.o) (__fp_round)
c:/program files (x86)/atmel/atmel toolchain/avr8 gcc/native/3.4.1051/avr8-gnu-toolchain/bin/../lib/gcc/avr/4.8.1/../../../../avr/lib/avr5\libm.a(fp_split3.o)
[...]
Memory Configuration

Name             Origin             Length             Attributes
text             0x00000000         0x00020000         xr
data             0x00800060         0x0000ffa0         rw !x
eeprom           0x00810000         0x00010000         rw !x
fuse             0x00820000         0x00000400         rw !x
lock             0x00830000         0x00000400         rw !x
signature        0x00840000         0x00000400         rw !x
user_signatures  0x00850000         0x00000400         rw !x
*default*        0x00000000         0xffffffff

Linker script and memory map

LOAD c:/program files (x86)/atmel/atmel toolchain/avr8 gcc/native/3.4.1051/avr8-gnu-toolchain/bin/../lib/gcc/avr/4.8.1/../../../../avr/lib/avr5/crtm32a.o
LOAD Algorithm.o
LOAD LT6802.o
LOAD Masters Thesis.o
LOAD Utils.o
START GROUP
LOAD c:/program files (x86)/atmel/atmel toolchain/avr8 gcc/native/3.4.1051/avr8-gnu-toolchain/bin/../lib/gcc/avr/4.8.1/../../../../avr/lib/avr5\libm.a
END GROUP
START GROUP
LOAD c:/program files (x86)/atmel/atmel toolchain/avr8 gcc/native/3.4.1051/avr8-gnu-toolchain/bin/../lib/gcc/avr/4.8.1/avr5\libgcc.a
LOAD c:/program files (x86)/atmel/atmel toolchain/avr8 gcc/native/3.4.1051/avr8-gnu-toolchain/bin/../lib/gcc/avr/4.8.1/../../../../avr/lib/avr5\libm.a
LOAD c:/program files (x86)/atmel/atmel toolchain/avr8 gcc/native/3.4.1051/avr8-gnu-toolchain/bin/../lib/gcc/avr/4.8.1/../../../../avr/lib/avr5\libc.a
END GROUP

.hash
 *(.hash)

.dynsym
 *(.dynsym)

.dynstr
 *(.dynstr)

.gnu.version
 *(.gnu.version)

.gnu.version_d
 *(.gnu.version_d)

.gnu.version_r
 *(.gnu.version_r)

.rel.init
 *(.rel.init)

.rela.init
 *(.rela.init)

.rel.text
 *(.rel.text)
 *(.rel.text.*)
 *(.rel.gnu.linkonce.t*)

.rela.text
 *(.rela.text)
 *(.rela.text.*)
 *(.rela.gnu.linkonce.t*)

.rel.fini
 *(.rel.fini)

.rela.fini
 *(.rela.fini)

.rel.rodata
 *(.rel.rodata)
 *(.rel.rodata.*)
 *(.rel.gnu.linkonce.r*)

.rela.rodata
 *(.rela.rodata)
 *(.rela.rodata.*)
 *(.rela.gnu.linkonce.r*)

.rel.data
 *(.rel.data)
 *(.rel.data.*)
 *(.rel.gnu.linkonce.d*)

.rela.data
 *(.rela.data)
 *(.rela.data.*)
 *(.rela.gnu.linkonce.d*)

.rel.ctors
 *(.rel.ctors)

.rela.ctors
 *(.rela.ctors)

.rel.dtors
 *(.rel.dtors)

.rela.dtors
 *(.rela.dtors)

.rel.got
 *(.rel.got)

.rela.got
 *(.rela.got)

.rel.bss
 *(.rel.bss)

.rela.bss
 *(.rela.bss)

.rel.plt
 *(.rel.plt)

.rela.plt
 *(.rela.plt)

.text           0x00000000     0x5724
 *(.vectors)
 .vectors       0x00000000       0x54 c:/program files (x86)/atmel/atmel toolchain/avr8 gcc/native/3.4.1051/avr8-gnu-toolchain/bin/../lib/gcc/avr/4.8.1/../../../../avr/lib/avr5/crtm32a.o
                0x00000000                __vector_default
                0x00000000                __vectors
 *(.vectors)
 *(.progmem.gcc*)
 .progmem.gcc_sw_table.masterThread
                0x00000054       0x98 Algorithm.o
 .progmem.gcc_sw_table.LT6802CommThread
                0x000000ec       0x10 Masters Thesis.o
 .progmem.gcc_fplib
                0x000000fc       0x28 c:/program files (x86)/atmel/atmel toolchain/avr8 gcc/native/3.4.1051/avr8-gnu-toolchain/bin/../lib/gcc/avr/4.8.1/../../../../avr/lib/avr5\libm.a(exp.o)
                0x00000124                . = ALIGN (0x2)
                0x00000124                __trampolines_start = .
 *(.trampolines)
 .trampolines   0x00000124        0x0 linker stubs
 *(.trampolines*)
                0x00000124                __trampolines_end = .
 *(.progmem*)
 .progmem.data.__c.2618
                0x00000124       0x16 Algorithm.o
 .progmem.data.__c.2622
                0x0000013a        0x4 Algorithm.o
 .progmem.data.__c.2624
                0x0000013e       0x1c Algorithm.o
 .progmem.data.__c.2627
                0x0000015a        0x4 Algorithm.o
 .progmem.data.__c.2643
                0x0000015e        0xd Algorithm.o
 .progmem.data.__c.2666
                0x0000016b       0x1a Algorithm.o
 .progmem.data.__c.2668
                0x00000185       0x12 Algorithm.o
 .progmem.data.__c.2670
                0x00000197       0x15 Algorithm.o
 .progmem.data.__c.2674
                0x000001ac       0x15 Algorithm.o
 .progmem.data.__c.2677
                0x000001c1        0x9 Algorithm.o
 .progmem.data.__c.2693
                0x000001ca        0xf Algorithm.o
 .progmem.data.__c.2695
                0x000001d9        0xe Algorithm.o
 .progmem.data.__c.2697
                0x000001e7       0x15 Algorithm.o
 .progmem.data.__c.2701
                0x000001fc        0xe Algorithm.o
 .progmem.data.__c.2703
                0x0000020a        0xe Algorithm.o
 .progmem.data.__c.2726
                0x00000218       0x18 Algorithm.o
 .progmem.data.__c.2730
                0x00000230        0x4 Algorithm.o
 .progmem.data.__c.2734
                0x00000234       0x16 Algorithm.o
 .progmem.data.__c.2737
                0x0000024a       0x15 Algorithm.o
 .progmem.data.__c.2741
                0x0000025f       0x26 Algorithm.o
 .progmem.data.__c.2744
                0x00000285        0x4 Algorithm.o
 .progmem.data.__c.2746
                0x00000289       0x17 Algorithm.o
 .progmem.data.__c.2749
                0x000002a0       0x18 Algorithm.o
 .progmem.data.__c.2752
                0x000002b8        0x4 Algorithm.o
 .progmem.data.__c.2755
                0x000002bc       0x12 Algorithm.o
 .progmem.data.__c.2758
                0x000002ce        0x4 Algorithm.o
 .progmem.data.__c.2760
                0x000002d2       0x10 Algorithm.o
 .progmem.data.__c.2767
                0x000002e2        0x4 Algorithm.o
 .progmem.data.__c.2769
                0x000002e6       0x19 Algorithm.o
 .progmem.data.__c.2773
                0x000002ff        0x4 Algorithm.o
 .progmem.data.__c.2781
                0x00000303        0x4 Algorithm.o
 .progmem.data.__c.2784
                0x00000307        0x3 Algorithm.o
 .progmem.data.__c.2787
                0x0000030a        0x4 Algorithm.o
 .progmem.data.__c.2792
                0x0000030e        0x4 Algorithm.o
 .progmem.data.__c.2796
                0x00000312        0x4 Algorithm.o
 .progmem.data.__c.2798
                0x00000316       0x18 Algorithm.o
 .progmem.data.__c.2801
                0x0000032e       0x1a Algorithm.o
 .progmem.data.__c.2803
                0x00000348       0x30 Algorithm.o
 .progmem.data.__c.2806
                0x00000378       0x17 Algorithm.o
 .progmem.data.__c.2811
                0x0000038f        0x4 Algorithm.o
 .progmem.data.__c.2813
                0x00000393       0x14 Algorithm.o
 .progmem.data.__c.2816
                0x000003a7       0x12 Algorithm.o
 .progmem.data.__c.2819
                0x000003b9        0x4 Algorithm.o
 .progmem.data.__c.2822
                0x000003bd       0x17 Algorithm.o
 .progmem.data.__c.2833
                0x000003d4       0x1c Algorithm.o
 .progmem.data.__c.2851
                0x000003f0       0x19 Algorithm.o
 .progmem.data.__c.2854
                0x00000409        0x5 Algorithm.o
 .progmem.data.__c.2859
                0x0000040e        0x4 Algorithm.o
 .progmem.data.__c.2640
                0x00000412       0x1c Masters Thesis.o
 .progmem.data.__c.2644
                0x0000042e        0x2 Masters Thesis.o
 .progmem.data.__c.2657
                0x00000430       0x10 Masters Thesis.o
 .progmem.data.__c.2659
                0x00000440       0x29 Masters Thesis.o
 .progmem.data.__c.2661
                0x00000469        0xa Masters Thesis.o
 .progmem.data.__c.2735
                0x00000473       0x26 Masters Thesis.o
 .progmem.data.__c.2738
                0x00000499       0x21 Masters Thesis.o
 .progmem.data.__c.2740
                0x000004ba       0x30 Masters Thesis.o
 .progmem.data.__c.2743
                0x000004ea       0x1b Masters Thesis.o
 .progmem.data.__c.2753
                0x00000505       0x12 Masters Thesis.o
 .progmem.data.__c.2755
                0x00000517        0x6 Masters Thesis.o
 .progmem.data.__c.2758
                0x0000051d        0x4 Masters Thesis.o
 .progmem.data.__c.2760
                0x00000521        0x4 Masters Thesis.o
 .progmem.data.__c.2762
                0x00000525        0x6 Masters Thesis.o
 .progmem.data.__c.2767
                0x0000052b        0x2 Masters Thesis.o
 .progmem.data.__c.2779
                0x0000052d       0x30 Masters Thesis.o
 .progmem.data.voltageTable.2214
                0x0000055d       0x40 Utils.o
 .progmem.data.voltageTable.2241
                0x0000059d       0x40 Utils.o
 .progmem.data.__c.2268
                0x000005dd        0xc Utils.o
 .progmem.data.__c.2281
                0x000005e9       0x18 Utils.o
 .progmem.data.__c.2324
                0x00000601        0x9 Utils.o
 .progmem.data.__c.2326
                0x0000060a        0xe Utils.o
 .progmem.data.__c.2328
                0x00000618        0xe Utils.o
 .progmem.data.__c.2336
                0x00000626        0x9 Utils.o
 .progmem.data.__c.2338
                0x0000062f        0xe Utils.o
 .progmem.data.__c.2340
                0x0000063d        0xe Utils.o
 .progmem.data.__c.2342
                0x0000064b        0xa Utils.o
                0x00000656                . = ALIGN (0x2)
 *fill*         0x00000655        0x1 
 *(.jumptables)
 *(.jumptables*)
 *(.lowtext)
 *(.lowtext*)
                0x00000656                __ctors_start = .
 *(.ctors)
                0x00000656                __ctors_end = .
                0x00000656                __dtors_start = .
 *(.dtors)
                0x00000656                __dtors_end = .
 SORT(*)(.ctors)
 SORT(*)(.dtors)
 *(.init0)
 .init0         0x00000656        0x0 c:/program files (x86)/atmel/atmel toolchain/avr8 gcc/native/3.4.1051/avr8-gnu-toolchain/bin/../lib/gcc/avr/4.8.1/../../../../avr/lib/avr5/crtm32a.o
                0x00000656                __init
 *(.init0)
 *(.init1)
 *(.init1)
 *(.init2)
 .init2         0x00000656        0xc c:/program files (x86)/atmel/atmel toolchain/avr8 gcc/native/3.4.1051/avr8-gnu-toolchain/bin/../lib/gcc/avr/4.8.1/../../../../avr/lib/avr5/crtm32a.o
 *(.init2)
 *(.init3)
 *(.init3)
 *(.init4)
 .init4         0x00000662       0x16 c:/program files (x86)/atmel/atmel toolchain/avr8 gcc/native/3.4.1051/avr8-gnu-toolchain/bin/../lib/gcc/avr/4.8.1/avr5\libgcc.a(_copy_data.o)
                0x00000662                __do_copy_data
 .init4         0x00000678       0x10 c:/program files (x86)/atmel/atmel toolchain/avr8 gcc/native/3.4.1051/avr8-gnu-toolchain/bin/../lib/gcc/avr/4.8.1/avr5\libgcc.a(_clear_bss.o)
                0x00000678                __do_clear_bss
 *(.init4)
 *(.init5)
 *(.init5)
 *(.init6)
 *(.init6)
 *(.init7)
 *(.init7)
 *(.init8)
 *(.init8)
 *(.init9)
 .init9         0x00000688        0x8 c:/program files (x86)/atmel/atmel toolchain/avr8 gcc/native/3.4.1051/avr8-gnu-toolchain/bin/../lib/gcc/avr/4.8.1/../../../../avr/lib/avr5/crtm32a.o
 *(.init9)
 *(.text)
 .text          0x00000690        0x4 c:/program files (x86)/atmel/atmel toolchain/avr8 gcc/native/3.4.1051/avr8-gnu-toolchain/bin/../lib/gcc/avr/4.8.1/../../../../avr/lib/avr5/crtm32a.o
                0x00000690                __vector_1
                0x00000690                __bad_interrupt
                0x00000690                __vector_6
                0x00000690                __vector_3
                0x00000690                __vector_11
                0x00000690                __vector_13
                0x00000690                __vector_17
                0x00000690                __vector_19
                0x00000690                __vector_5
                0x00000690                __vector_4
                0x00000690                __vector_2
                0x00000690                __vector_15
                0x00000690                __vector_10
                0x00000690                __vector_16
                0x00000690                __vector_18
                0x00000690                __vector_20
                0x00000694                . = ALIGN (0x2)
 *(.text.*)
 .text.initEEPROM
                0x00000694       0x4e Algorithm.o
                0x00000694                initEEPROM
 .text.calibrateBalance
                0x000006e2      0x42c Algorithm.o
                0x000006e2                calibrateBalance
 .text.calibrateTopBalance
                0x00000b0e      0x19a Algorithm.o
                0x00000b0e                calibrateTopBalance
 .text.pulseTest
                0x00000ca8      0x1c4 Algorithm.o
                0x00000ca8                pulseTest
 .text.charge   0x00000e6c      0x1ac Algorithm.o
                0x00000e6c                charge
 .text.discharge
                0x00001018      0x13e Algorithm.o
                0x00001018                discharge
 .text.delay    0x00001156       0xb6 Algorithm.o
                0x00001156                delay
 .text.masterThread
                0x0000120c      0x882 Algorithm.o
                0x0000120c                masterThread
 .text.activeBalanceMonitor
                0x00001a8e      0x644 Algorithm.o
                0x00001a8e                activeBalanceMonitor
 .text.getOCV   0x000020d2      0x180 Algorithm.o
                0x000020d2                getOCV
 .text.updateOCV
                0x00002252      0x212 Algorithm.o
                0x00002252                updateOCV
 .text.cellsBalanced
                0x00002464       0xa4 Algorithm.o
                0x00002464                cellsBalanced
 .text.calcIBDCHMult
                0x00002508      0x39a Algorithm.o
                0x00002508                calcIBDCHMult
 .text.voltageFromCVReg
                0x000028a2      0x10a LT6802.o
                0x000028a2                voltageFromCVReg
 .text.CRC86802
                0x000029ac       0xbc LT6802.o
                0x000029ac                CRC86802
 .text.__vector_14
                0x00002a68       0x86 Masters Thesis.o
                0x00002a68                __vector_14
 .text.TransmitByte
                0x00002aee       0x74 Masters Thesis.o
 .text.init     0x00002b62       0xee Masters Thesis.o
                0x00002b62                init
 .text.main     0x00002c50      0x25e Masters Thesis.o
                0x00002c50                main
 .text.__vector_12
                0x00002eae       0xee Masters Thesis.o
                0x00002eae                __vector_12
 .text.__vector_7
                0x00002f9c      0x10c Masters Thesis.o
                0x00002f9c                __vector_7
 .text.__vector_9
                0x000030a8       0x24 Masters Thesis.o
                0x000030a8                __vector_9
 .text.__vector_8
                0x000030cc      0x1ec Masters Thesis.o
                0x000030cc                __vector_8
 .text.startSPITransaction
                0x000032b8       0x90 Masters Thesis.o
                0x000032b8                startSPITransaction
 .text.LT6802CommThread
                0x00003348      0x3f0 Masters Thesis.o
                0x00003348                LT6802CommThread
 .text.logData  0x00003738      0x2f8 Masters Thesis.o
                0x00003738                logData
 .text.SoftVoltageCheck
                0x00003a30      0x1e4 Masters Thesis.o
                0x00003a30                SoftVoltageCheck
 .text.ReadStackCurrent
                0x00003c14      0x468 Masters Thesis.o
                0x00003c14                ReadStackCurrent
 .text.getSOC   0x0000407c      0x1e6 Utils.o
                0x0000407c                getSOC
 .text.voltageFromSOC
                0x00004262      0x114 Utils.o
                0x00004262                voltageFromSOC
 .text.print680xCV
                0x00004376       0xb8 Utils.o
                0x00004376                print680xCV
 .text.printPowerSupplyStackVString
                0x0000442e      0x164 Utils.o
                0x0000442e                printPowerSupplyStackVString
 .text.sortInt32
                0x00004592      0x162 Utils.o
                0x00004592                sortInt32
 .text.doneCharging
                0x000046f4       0x7e Utils.o
                0x000046f4                doneCharging
 .text.doneDischarging
                0x00004772       0x82 Utils.o
                0x00004772                doneDischarging
 .text.isSet    0x000047f4       0x46 Utils.o
                0x000047f4                isSet
 .text.emergencyShutdown
                0x0000483a       0xc2 Utils.o
                0x0000483a                emergencyShutdown
 .text.shutdown
                0x000048fc       0x9a Utils.o
                0x000048fc                shutdown
 .text.avr-libc.fplib
                0x00004996        0xa c:/program files (x86)/atmel/atmel toolchain/avr8 gcc/native/3.4.1051/avr8-gnu-toolchain/bin/../lib/gcc/avr/4.8.1/../../../../avr/lib/avr5\libm.a(addsf3.o)
                0x00004996                __subsf3
                0x00004998                __addsf3
 .text.avr-libc.fplib
                0x000049a0       0xc0 c:/program files (x86)/atmel/atmel toolchain/avr8 gcc/native/3.4.1051/avr8-gnu-toolchain/bin/../lib/gcc/avr/4.8.1/../../../../avr/lib/avr5\libm.a(addsf3x.o)
                0x000049ba                __addsf3x
 .text.avr-libc.fplib
                0x00004a60        0x8 c:/program files (x86)/atmel/atmel toolchain/avr8 gcc/native/3.4.1051/avr8-gnu-toolchain/bin/../lib/gcc/avr/4.8.1/../../../../avr/lib/avr5\libm.a(cmpsf2.o)
                0x00004a60                __nesf2
                0x00004a60                __eqsf2
                0x00004a60                __cmpsf2
                0x00004a60                __ltsf2
                0x00004a60                __lesf2
 .text.avr-libc.fplib
                0x00004a68        0x4 c:/program files (x86)/atmel/atmel toolchain/avr8 gcc/native/3.4.1051/avr8-gnu-toolchain/bin/../lib/gcc/avr/4.8.1/../../../../avr/lib/avr5\libm.a(divsf3.o)
                0x00004a68                __divsf3
 .text.avr-libc.fplib
                0x00004a6c       0xcc c:/program files (x86)/atmel/atmel toolchain/avr8 gcc/native/3.4.1051/avr8-gnu-toolchain/bin/../lib/gcc/avr/4.8.1/../../../../avr/lib/avr5\libm.a(divsf3x.o)
                0x00004a82                __divsf3x
                0x00004a86                __divsf3_pse
 .text.avr-libc.fplib
                0x00004b38       0x62 c:/program files (x86)/atmel/atmel toolchain/avr8 gcc/native/3.4.1051/avr8-gnu-toolchain/bin/../lib/gcc/avr/4.8.1/../../../../avr/lib/avr5\libm.a(exp.o)
                0x00004b42                exp
 .text.avr-libc.fplib
                0x00004b9a        0xa c:/program files (x86)/atmel/atmel toolchain/avr8 gcc/native/3.4.1051/avr8-gnu-toolchain/bin/../lib/gcc/avr/4.8.1/../../../../avr/lib/avr5\libm.a(fixsfsi.o)
                0x00004b9a                __fixsfsi
 .text.avr-libc.fplib
                0x00004ba4       0x58 c:/program files (x86)/atmel/atmel toolchain/avr8 gcc/native/3.4.1051/avr8-gnu-toolchain/bin/../lib/gcc/avr/4.8.1/../../../../avr/lib/avr5\libm.a(fixunssfsi.o)
                0x00004ba4                __fixunssfsi
 .text.avr-libc.fplib
                0x00004bfc       0x7a c:/program files (x86)/atmel/atmel toolchain/avr8 gcc/native/3.4.1051/avr8-gnu-toolchain/bin/../lib/gcc/avr/4.8.1/../../../../avr/lib/avr5\libm.a(floatsisf.o)
                0x00004bfc                __floatunsisf
                0x00004c00                __floatsisf
 .text.avr-libc.fplib
                0x00004c76       0x48 c:/program files (x86)/atmel/atmel toolchain/avr8 gcc/native/3.4.1051/avr8-gnu-toolchain/bin/../lib/gcc/avr/4.8.1/../../../../avr/lib/avr5\libm.a(fp_cmp.o)
                0x00004c76                __fp_cmp
 .text.avr-libc.fplib
                0x00004cbe        0xc c:/program files (x86)/atmel/atmel toolchain/avr8 gcc/native/3.4.1051/avr8-gnu-toolchain/bin/../lib/gcc/avr/4.8.1/../../../../avr/lib/avr5\libm.a(fp_inf.o)
                0x00004cbe                __fp_inf
 .text.avr-libc.fplib
                0x00004cca        0x6 c:/program files (x86)/atmel/atmel toolchain/avr8 gcc/native/3.4.1051/avr8-gnu-toolchain/bin/../lib/gcc/avr/4.8.1/../../../../avr/lib/avr5\libm.a(fp_nan.o)
                0x00004cca                __fp_nan
 .text.avr-libc.fplib
                0x00004cd0       0x4a c:/program files (x86)/atmel/atmel toolchain/avr8 gcc/native/3.4.1051/avr8-gnu-toolchain/bin/../lib/gcc/avr/4.8.1/../../../../avr/lib/avr5\libm.a(fp_powser.o)
                0x00004cd0                __fp_powser
 .text.avr-libc.fplib
                0x00004d1a        0xe c:/program files (x86)/atmel/atmel toolchain/avr8 gcc/native/3.4.1051/avr8-gnu-toolchain/bin/../lib/gcc/avr/4.8.1/../../../../avr/lib/avr5\libm.a(fp_pscA.o)
                0x00004d1a                __fp_pscA
 .text.avr-libc.fplib
                0x00004d28        0xe c:/program files (x86)/atmel/atmel toolchain/avr8 gcc/native/3.4.1051/avr8-gnu-toolchain/bin/../lib/gcc/avr/4.8.1/../../../../avr/lib/avr5\libm.a(fp_pscB.o)
                0x00004d28                __fp_pscB
 .text.avr-libc.fplib
                0x00004d36       0x22 c:/program files (x86)/atmel/atmel toolchain/avr8 gcc/native/3.4.1051/avr8-gnu-toolchain/bin/../lib/gcc/avr/4.8.1/../../../../avr/lib/avr5\libm.a(fp_round.o)
                0x00004d36                __fp_round
 .text.avr-libc.fplib
                0x00004d58       0x44 c:/program files (x86)/atmel/atmel toolchain/avr8 gcc/native/3.4.1051/avr8-gnu-toolchain/bin/../lib/gcc/avr/4.8.1/../../../../avr/lib/avr5\libm.a(fp_split3.o)
                0x00004d58                __fp_split3
                0x00004d68                __fp_splitA
 .text.avr-libc.fplib
                0x00004d9c        0xe c:/program files (x86)/atmel/atmel toolchain/avr8 gcc/native/3.4.1051/avr8-gnu-toolchain/bin/../lib/gcc/avr/4.8.1/../../../../avr/lib/avr5\libm.a(fp_zero.o)
                0x00004d9c                __fp_zero
                0x00004d9e                __fp_szero
 .text.avr-libc.fplib
                0x00004daa        0x8 c:/program files (x86)/atmel/atmel toolchain/avr8 gcc/native/3.4.1051/avr8-gnu-toolchain/bin/../lib/gcc/avr/4.8.1/../../../../avr/lib/avr5\libm.a(gesf2.o)
                0x00004daa                __gesf2
                0x00004daa                __gtsf2
 .text.avr-libc.fplib
                0x00004db2        0xe c:/program files (x86)/atmel/atmel toolchain/avr8 gcc/native/3.4.1051/avr8-gnu-toolchain/bin/../lib/gcc/avr/4.8.1/../../../../avr/lib/avr5\libm.a(inverse.o)
                0x00004db2                inverse
 .text.avr-libc.fplib
                0x00004dc0       0x6c c:/program files (x86)/atmel/atmel toolchain/avr8 gcc/native/3.4.1051/avr8-gnu-toolchain/bin/../lib/gcc/avr/4.8.1/../../../../avr/lib/avr5\libm.a(ldexp.o)
                0x00004dc4                ldexp
 .text.avr-libc.fplib
                0x00004e2c       0x66 c:/program files (x86)/atmel/atmel toolchain/avr8 gcc/native/3.4.1051/avr8-gnu-toolchain/bin/../lib/gcc/avr/4.8.1/../../../../avr/lib/avr5\libm.a(modf.o)
                0x00004e2c                modf
                0x00004e2c                modff
 .text.avr-libc.fplib
                0x00004e92        0x4 c:/program files (x86)/atmel/atmel toolchain/avr8 gcc/native/3.4.1051/avr8-gnu-toolchain/bin/../lib/gcc/avr/4.8.1/../../../../avr/lib/avr5\libm.a(mulsf3.o)
                0x00004e92                __mulsf3
 .text.avr-libc.fplib
                0x00004e96       0xc2 c:/program files (x86)/atmel/atmel toolchain/avr8 gcc/native/3.4.1051/avr8-gnu-toolchain/bin/../lib/gcc/avr/4.8.1/../../../../avr/lib/avr5\libm.a(mulsf3x.o)
                0x00004eaa                __mulsf3x
                0x00004eae                __mulsf3_pse
 .text.avr-libc.fplib
                0x00004f58       0x1c c:/program files (x86)/atmel/atmel toolchain/avr8 gcc/native/3.4.1051/avr8-gnu-toolchain/bin/../lib/gcc/avr/4.8.1/../../../../avr/lib/avr5\libm.a(fp_mpack.o)
                0x00004f58                __fp_mpack
                0x00004f5c                __fp_mpack_finite
 .text.libgcc.div
                0x00004f74       0x28 c:/program files (x86)/atmel/atmel toolchain/avr8 gcc/native/3.4.1051/avr8-gnu-toolchain/bin/../lib/gcc/avr/4.8.1/avr5\libgcc.a(_udivmodhi4.o)
                0x00004f74                __udivmodhi4
 .text.libgcc.div
                0x00004f9c       0x28 c:/program files (x86)/atmel/atmel toolchain/avr8 gcc/native/3.4.1051/avr8-gnu-toolchain/bin/../lib/gcc/avr/4.8.1/avr5\libgcc.a(_divmodhi4.o)
                0x00004f9c                _div
                0x00004f9c                __divmodhi4
 .text.libgcc.div
                0x00004fc4       0x44 c:/program files (x86)/atmel/atmel toolchain/avr8 gcc/native/3.4.1051/avr8-gnu-toolchain/bin/../lib/gcc/avr/4.8.1/avr5\libgcc.a(_udivmodsi4.o)
                0x00004fc4                __udivmodsi4
 .text.libgcc.div
                0x00005008       0x2e c:/program files (x86)/atmel/atmel toolchain/avr8 gcc/native/3.4.1051/avr8-gnu-toolchain/bin/../lib/gcc/avr/4.8.1/avr5\libgcc.a(_divmodsi4.o)
                0x00005008                __divmodsi4
 .text.libgcc.div
                0x00005036       0x10 c:/program files (x86)/atmel/atmel toolchain/avr8 gcc/native/3.4.1051/avr8-gnu-toolchain/bin/../lib/gcc/avr/4.8.1/avr5\libgcc.a(_negsi2.o)
                0x00005036                __negsi2
 .text.libgcc   0x00005046        0xc c:/program files (x86)/atmel/atmel toolchain/avr8 gcc/native/3.4.1051/avr8-gnu-toolchain/bin/../lib/gcc/avr/4.8.1/avr5\libgcc.a(_tablejump.o)
                0x00005046                __tablejump2__
                0x0000504a                __tablejump__
 .text.libgcc.mul
                0x00005052       0x1e c:/program files (x86)/atmel/atmel toolchain/avr8 gcc/native/3.4.1051/avr8-gnu-toolchain/bin/../lib/gcc/avr/4.8.1/avr5\libgcc.a(_umulhisi3.o)
                0x00005052                __umulhisi3
 .text.libgcc.mul
                0x00005070       0x16 c:/program files (x86)/atmel/atmel toolchain/avr8 gcc/native/3.4.1051/avr8-gnu-toolchain/bin/../lib/gcc/avr/4.8.1/avr5\libgcc.a(_muluhisi3.o)
                0x00005070                __muluhisi3
 .text.libgcc.mul
                0x00005086       0x10 c:/program files (x86)/atmel/atmel toolchain/avr8 gcc/native/3.4.1051/avr8-gnu-toolchain/bin/../lib/gcc/avr/4.8.1/avr5\libgcc.a(_mulshisi3.o)
                0x00005086                __mulshisi3
                0x0000508c                __mulohisi3
 .text.avr-libc
                0x00005096       0x28 c:/program files (x86)/atmel/atmel toolchain/avr8 gcc/native/3.4.1051/avr8-gnu-toolchain/bin/../lib/gcc/avr/4.8.1/../../../../avr/lib/avr5\libc.a(printf.o)
                0x00005096                printf
 .text.avr-libc
                0x000050be       0x44 c:/program files (x86)/atmel/atmel toolchain/avr8 gcc/native/3.4.1051/avr8-gnu-toolchain/bin/../lib/gcc/avr/4.8.1/../../../../avr/lib/avr5\libc.a(printf_p.o)
                0x000050be                printf_P
 .text.avr-libc
                0x00005102       0x5e c:/program files (x86)/atmel/atmel toolchain/avr8 gcc/native/3.4.1051/avr8-gnu-toolchain/bin/../lib/gcc/avr/4.8.1/../../../../avr/lib/avr5\libc.a(puts_p.o)
                0x00005102                puts_P
 .text.avr-libc
                0x00005160      0x3a4 c:/program files (x86)/atmel/atmel toolchain/avr8 gcc/native/3.4.1051/avr8-gnu-toolchain/bin/../lib/gcc/avr/4.8.1/../../../../avr/lib/avr5\libc.a(vfprintf_std.o)
                0x00005160                vfprintf
 .text.avr-libc
                0x00005504       0x20 c:/program files (x86)/atmel/atmel toolchain/avr8 gcc/native/3.4.1051/avr8-gnu-toolchain/bin/../lib/gcc/avr/4.8.1/../../../../avr/lib/avr5\libc.a(eerd_block_atmega32a.o)
                0x00005504                __eerd_block_m32a
                0x00005508                __eerd_blraw_m32a
 .text.avr-libc
                0x00005524       0x20 c:/program files (x86)/atmel/atmel toolchain/avr8 gcc/native/3.4.1051/avr8-gnu-toolchain/bin/../lib/gcc/avr/4.8.1/../../../../avr/lib/avr5\libc.a(eeupd_block_atmega32a.o)
                0x00005524                __eeupd_block_m32a
 .text.avr-libc
                0x00005544       0x22 c:/program files (x86)/atmel/atmel toolchain/avr8 gcc/native/3.4.1051/avr8-gnu-toolchain/bin/../lib/gcc/avr/4.8.1/../../../../avr/lib/avr5\libc.a(eeupd_byte_atmega32a.o)
                0x00005544                __eeupd_byte_m32a
                0x00005546                __eeupd_r18_m32a
 .text.avr-libc
                0x00005566       0x16 c:/program files (x86)/atmel/atmel toolchain/avr8 gcc/native/3.4.1051/avr8-gnu-toolchain/bin/../lib/gcc/avr/4.8.1/../../../../avr/lib/avr5\libc.a(strnlen_P.o)
                0x00005566                strnlen_P
 .text.avr-libc
                0x0000557c       0x16 c:/program files (x86)/atmel/atmel toolchain/avr8 gcc/native/3.4.1051/avr8-gnu-toolchain/bin/../lib/gcc/avr/4.8.1/../../../../avr/lib/avr5\libc.a(strnlen.o)
                0x0000557c                strnlen
 .text.avr-libc
                0x00005592       0x64 c:/program files (x86)/atmel/atmel toolchain/avr8 gcc/native/3.4.1051/avr8-gnu-toolchain/bin/../lib/gcc/avr/4.8.1/../../../../avr/lib/avr5\libc.a(fputc.o)
                0x00005592                fputc
 .text.avr-libc
                0x000055f6       0xbc c:/program files (x86)/atmel/atmel toolchain/avr8 gcc/native/3.4.1051/avr8-gnu-toolchain/bin/../lib/gcc/avr/4.8.1/../../../../avr/lib/avr5\libc.a(ultoa_invert.o)
                0x000055f6                __ultoa_invert
 .text.libgcc.prologue
                0x000056b2       0x38 c:/program files (x86)/atmel/atmel toolchain/avr8 gcc/native/3.4.1051/avr8-gnu-toolchain/bin/../lib/gcc/avr/4.8.1/avr5\libgcc.a(_prologue.o)
                0x000056b2                __prologue_saves__
 .text.libgcc.prologue
                0x000056ea       0x36 c:/program files (x86)/atmel/atmel toolchain/avr8 gcc/native/3.4.1051/avr8-gnu-toolchain/bin/../lib/gcc/avr/4.8.1/avr5\libgcc.a(_epilogue.o)
                0x000056ea                __epilogue_restores__
                0x00005720                . = ALIGN (0x2)
 *(.fini9)
 .fini9         0x00005720        0x0 c:/program files (x86)/atmel/atmel toolchain/avr8 gcc/native/3.4.1051/avr8-gnu-toolchain/bin/../lib/gcc/avr/4.8.1/avr5\libgcc.a(_exit.o)
                0x00005720                _exit
                0x00005720                exit
 *(.fini9)
 *(.fini8)
 *(.fini8)
 *(.fini7)
 *(.fini7)
 *(.fini6)
 *(.fini6)
 *(.fini5)
 *(.fini5)
 *(.fini4)
 *(.fini4)
 *(.fini3)
 *(.fini3)
 *(.fini2)
 *(.fini2)
 *(.fini1)
 *(.fini1)
 *(.fini0)
 .fini0         0x00005720        0x4 c:/program files (x86)/atmel/atmel toolchain/avr8 gcc/native/3.4.1051/avr8-gnu-toolchain/bin/../lib/gcc/avr/4.8.1/avr5\libgcc.a(_exit.o)
 *(.fini0)
                0x00005724                _etext = .

.data           0x00800060       0x5a load address 0x00005724
                0x00800060                PROVIDE (__data_start, .)
 *(.data)
 .data          0x00800060        0x0 c:/program files (x86)/atmel/atmel toolchain/avr8 gcc/native/3.4.1051/avr8-gnu-toolchain/bin/../lib/gcc/avr/4.8.1/../../../../avr/lib/avr5/crtm32a.o
 .data          0x00800060        0x0 Algorithm.o
 .data          0x00800060        0x0 LT6802.o
 .data          0x00800060        0x0 Masters Thesis.o
 .data          0x00800060        0x0 Utils.o
 .data          0x00800060        0x0 c:/program files (x86)/atmel/atmel toolchain/avr8 gcc/native/3.4.1051/avr8-gnu-toolchain/bin/../lib/gcc/avr/4.8.1/../../../../avr/lib/avr5\libm.a(addsf3.o)
 .data          0x00800060        0x0 c:/program files (x86)/atmel/atmel toolchain/avr8 gcc/native/3.4.1051/avr8-gnu-toolchain/bin/../lib/gcc/avr/4.8.1/../../../../avr/lib/avr5\libm.a(addsf3x.o)
 .data          0x00800060        0x0 c:/program files (x86)/atmel/atmel toolchain/avr8 gcc/native/3.4.1051/avr8-gnu-toolchain/bin/../lib/gcc/avr/4.8.1/../../../../avr/lib/avr5\libm.a(cmpsf2.o)
 .data          0x00800060        0x0 c:/program files (x86)/atmel/atmel toolchain/avr8 gcc/native/3.4.1051/avr8-gnu-toolchain/bin/../lib/gcc/avr/4.8.1/../../../../avr/lib/avr5\libm.a(divsf3.o)
 .data          0x00800060        0x0 c:/program files (x86)/atmel/atmel toolchain/avr8 gcc/native/3.4.1051/avr8-gnu-toolchain/bin/../lib/gcc/avr/4.8.1/../../../../avr/lib/avr5\libm.a(divsf3x.o)
 .data          0x00800060        0x0 c:/program files (x86)/atmel/atmel toolchain/avr8 gcc/native/3.4.1051/avr8-gnu-toolchain/bin/../lib/gcc/avr/4.8.1/../../../../avr/lib/avr5\libm.a(exp.o)
 .data          0x00800060        0x0 c:/program files (x86)/atmel/atmel toolchain/avr8 gcc/native/3.4.1051/avr8-gnu-toolchain/bin/../lib/gcc/avr/4.8.1/../../../../avr/lib/avr5\libm.a(fixsfsi.o)
 .data          0x00800060        0x0 c:/program files (x86)/atmel/atmel toolchain/avr8 gcc/native/3.4.1051/avr8-gnu-toolchain/bin/../lib/gcc/avr/4.8.1/../../../../avr/lib/avr5\libm.a(fixunssfsi.o)
 .data          0x00800060        0x0 c:/program files (x86)/atmel/atmel toolchain/avr8 gcc/native/3.4.1051/avr8-gnu-toolchain/bin/../lib/gcc/avr/4.8.1/../../../../avr/lib/avr5\libm.a(floatsisf.o)
 .data          0x00800060        0x0 c:/program files (x86)/atmel/atmel toolchain/avr8 gcc/native/3.4.1051/avr8-gnu-toolchain/bin/../lib/gcc/avr/4.8.1/../../../../avr/lib/avr5\libm.a(fp_cmp.o)
 .data          0x00800060        0x0 c:/program files (x86)/atmel/atmel toolchain/avr8 gcc/native/3.4.1051/avr8-gnu-toolchain/bin/../lib/gcc/avr/4.8.1/../../../../avr/lib/avr5\libm.a(fp_inf.o)
 .data          0x00800060        0x0 c:/program files (x86)/atmel/atmel toolchain/avr8 gcc/native/3.4.1051/avr8-gnu-toolchain/bin/../lib/gcc/avr/4.8.1/../../../../avr/lib/avr5\libm.a(fp_nan.o)
 .data          0x00800060        0x0 c:/program files (x86)/atmel/atmel toolchain/avr8 gcc/native/3.4.1051/avr8-gnu-toolchain/bin/../lib/gcc/avr/4.8.1/../../../../avr/lib/avr5\libm.a(fp_powser.o)
 .data          0x00800060        0x0 c:/program files (x86)/atmel/atmel toolchain/avr8 gcc/native/3.4.1051/avr8-gnu-toolchain/bin/../lib/gcc/avr/4.8.1/../../../../avr/lib/avr5\libm.a(fp_pscA.o)
 .data          0x00800060        0x0 c:/program files (x86)/atmel/atmel toolchain/avr8 gcc/native/3.4.1051/avr8-gnu-toolchain/bin/../lib/gcc/avr/4.8.1/../../../../avr/lib/avr5\libm.a(fp_pscB.o)
 .data          0x00800060        0x0 c:/program files (x86)/atmel/atmel toolchain/avr8 gcc/native/3.4.1051/avr8-gnu-toolchain/bin/../lib/gcc/avr/4.8.1/../../../../avr/lib/avr5\libm.a(fp_round.o)
 .data          0x00800060        0x0 c:/program files (x86)/atmel/atmel toolchain/avr8 gcc/native/3.4.1051/avr8-gnu-toolchain/bin/../lib/gcc/avr/4.8.1/../../../../avr/lib/avr5\libm.a(fp_split3.o)
 .data          0x00800060        0x0 c:/program files (x86)/atmel/atmel toolchain/avr8 gcc/native/3.4.1051/avr8-gnu-toolchain/bin/../lib/gcc/avr/4.8.1/../../../../avr/lib/avr5\libm.a(fp_zero.o)
 .data          0x00800060        0x0 c:/program files (x86)/atmel/atmel toolchain/avr8 gcc/native/3.4.1051/avr8-gnu-toolchain/bin/../lib/gcc/avr/4.8.1/../../../../avr/lib/avr5\libm.a(gesf2.o)
 .data          0x00800060        0x0 c:/program files (x86)/atmel/atmel toolchain/avr8 gcc/native/3.4.1051/avr8-gnu-toolchain/bin/../lib/gcc/avr/4.8.1/../../../../avr/lib/avr5\libm.a(inverse.o)
 .data          0x00800060        0x0 c:/program files (x86)/atmel/atmel toolchain/avr8 gcc/native/3.4.1051/avr8-gnu-toolchain/bin/../lib/gcc/avr/4.8.1/../../../../avr/lib/avr5\libm.a(ldexp.o)
 .data          0x00800060        0x0 c:/program files (x86)/atmel/atmel toolchain/avr8 gcc/native/3.4.1051/avr8-gnu-toolchain/bin/../lib/gcc/avr/4.8.1/../../../../avr/lib/avr5\libm.a(modf.o)
 .data          0x00800060        0x0 c:/program files (x86)/atmel/atmel toolchain/avr8 gcc/native/3.4.1051/avr8-gnu-toolchain/bin/../lib/gcc/avr/4.8.1/../../../../avr/lib/avr5\libm.a(mulsf3.o)
 .data          0x00800060        0x0 c:/program files (x86)/atmel/atmel toolchain/avr8 gcc/native/3.4.1051/avr8-gnu-toolchain/bin/../lib/gcc/avr/4.8.1/../../../../avr/lib/avr5\libm.a(mulsf3x.o)
 .data          0x00800060        0x0 c:/program files (x86)/atmel/atmel toolchain/avr8 gcc/native/3.4.1051/avr8-gnu-toolchain/bin/../lib/gcc/avr/4.8.1/../../../../avr/lib/avr5\libm.a(fp_mpack.o)
 .data          0x00800060        0x0 c:/program files (x86)/atmel/atmel toolchain/avr8 gcc/native/3.4.1051/avr8-gnu-toolchain/bin/../lib/gcc/avr/4.8.1/avr5\libgcc.a(_udivmodhi4.o)
 .data          0x00800060        0x0 c:/program files (x86)/atmel/atmel toolchain/avr8 gcc/native/3.4.1051/avr8-gnu-toolchain/bin/../lib/gcc/avr/4.8.1/avr5\libgcc.a(_divmodhi4.o)
 .data          0x00800060        0x0 c:/program files (x86)/atmel/atmel toolchain/avr8 gcc/native/3.4.1051/avr8-gnu-toolchain/bin/../lib/gcc/avr/4.8.1/avr5\libgcc.a(_udivmodsi4.o)
 .data          0x00800060        0x0 c:/program files (x86)/atmel/atmel toolchain/avr8 gcc/native/3.4.1051/avr8-gnu-toolchain/bin/../lib/gcc/avr/4.8.1/avr5\libgcc.a(_divmodsi4.o)
 .data          0x00800060        0x0 c:/program files (x86)/atmel/atmel toolchain/avr8 gcc/native/3.4.1051/avr8-gnu-toolchain/bin/../lib/gcc/avr/4.8.1/avr5\libgcc.a(_negsi2.o)
 .data          0x00800060        0x0 c:/program files (x86)/atmel/atmel toolchain/avr8 gcc/native/3.4.1051/avr8-gnu-toolchain/bin/../lib/gcc/avr/4.8.1/avr5\libgcc.a(_exit.o)
 .data          0x00800060        0x0 c:/program files (x86)/atmel/atmel toolchain/avr8 gcc/native/3.4.1051/avr8-gnu-toolchain/bin/../lib/gcc/avr/4.8.1/avr5\libgcc.a(_tablejump.o)
 .data          0x00800060        0x0 c:/program files (x86)/atmel/atmel toolchain/avr8 gcc/native/3.4.1051/avr8-gnu-toolchain/bin/../lib/gcc/avr/4.8.1/avr5\libgcc.a(_copy_data.o)
 .data          0x00800060        0x0 c:/program files (x86)/atmel/atmel toolchain/avr8 gcc/native/3.4.1051/avr8-gnu-toolchain/bin/../lib/gcc/avr/4.8.1/avr5\libgcc.a(_clear_bss.o)
 .data          0x00800060        0x0 c:/program files (x86)/atmel/atmel toolchain/avr8 gcc/native/3.4.1051/avr8-gnu-toolchain/bin/../lib/gcc/avr/4.8.1/avr5\libgcc.a(_umulhisi3.o)
 .data          0x00800060        0x0 c:/program files (x86)/atmel/atmel toolchain/avr8 gcc/native/3.4.1051/avr8-gnu-toolchain/bin/../lib/gcc/avr/4.8.1/avr5\libgcc.a(_muluhisi3.o)
 .data          0x00800060        0x0 c:/program files (x86)/atmel/atmel toolchain/avr8 gcc/native/3.4.1051/avr8-gnu-toolchain/bin/../lib/gcc/avr/4.8.1/avr5\libgcc.a(_mulshisi3.o)
 .data          0x00800060        0x0 c:/program files (x86)/atmel/atmel toolchain/avr8 gcc/native/3.4.1051/avr8-gnu-toolchain/bin/../lib/gcc/avr/4.8.1/../../../../avr/lib/avr5\libc.a(iob.o)
 .data          0x00800060        0x0 c:/program files (x86)/atmel/atmel toolchain/avr8 gcc/native/3.4.1051/avr8-gnu-toolchain/bin/../lib/gcc/avr/4.8.1/../../../../avr/lib/avr5\libc.a(printf.o)
 .data          0x00800060        0x0 c:/program files (x86)/atmel/atmel toolchain/avr8 gcc/native/3.4.1051/avr8-gnu-toolchain/bin/../lib/gcc/avr/4.8.1/../../../../avr/lib/avr5\libc.a(printf_p.o)
 .data          0x00800060        0x0 c:/program files (x86)/atmel/atmel toolchain/avr8 gcc/native/3.4.1051/avr8-gnu-toolchain/bin/../lib/gcc/avr/4.8.1/../../../../avr/lib/avr5\libc.a(puts_p.o)
 .data          0x00800060        0x0 c:/program files (x86)/atmel/atmel toolchain/avr8 gcc/native/3.4.1051/avr8-gnu-toolchain/bin/../lib/gcc/avr/4.8.1/../../../../avr/lib/avr5\libc.a(vfprintf_std.o)
 .data          0x00800060        0x0 c:/program files (x86)/atmel/atmel toolchain/avr8 gcc/native/3.4.1051/avr8-gnu-toolchain/bin/../lib/gcc/avr/4.8.1/../../../../avr/lib/avr5\libc.a(eerd_block_atmega32a.o)
 .data          0x00800060        0x0 c:/program files (x86)/atmel/atmel toolchain/avr8 gcc/native/3.4.1051/avr8-gnu-toolchain/bin/../lib/gcc/avr/4.8.1/../../../../avr/lib/avr5\libc.a(eeupd_block_atmega32a.o)
 .data          0x00800060        0x0 c:/program files (x86)/atmel/atmel toolchain/avr8 gcc/native/3.4.1051/avr8-gnu-toolchain/bin/../lib/gcc/avr/4.8.1/../../../../avr/lib/avr5\libc.a(eeupd_byte_atmega32a.o)
 .data          0x00800060        0x0 c:/program files (x86)/atmel/atmel toolchain/avr8 gcc/native/3.4.1051/avr8-gnu-toolchain/bin/../lib/gcc/avr/4.8.1/../../../../avr/lib/avr5\libc.a(strnlen_P.o)
 .data          0x00800060        0x0 c:/program files (x86)/atmel/atmel toolchain/avr8 gcc/native/3.4.1051/avr8-gnu-toolchain/bin/../lib/gcc/avr/4.8.1/../../../../avr/lib/avr5\libc.a(strnlen.o)
 .data          0x00800060        0x0 c:/program files (x86)/atmel/atmel toolchain/avr8 gcc/native/3.4.1051/avr8-gnu-toolchain/bin/../lib/gcc/avr/4.8.1/../../../../avr/lib/avr5\libc.a(fputc.o)
 .data          0x00800060        0x0 c:/program files (x86)/atmel/atmel toolchain/avr8 gcc/native/3.4.1051/avr8-gnu-toolchain/bin/../lib/gcc/avr/4.8.1/../../../../avr/lib/avr5\libc.a(ultoa_invert.o)
 .data          0x00800060        0x0 c:/program files (x86)/atmel/atmel toolchain/avr8 gcc/native/3.4.1051/avr8-gnu-toolchain/bin/../lib/gcc/avr/4.8.1/avr5\libgcc.a(_prologue.o)
 .data          0x00800060        0x0 c:/program files (x86)/atmel/atmel toolchain/avr8 gcc/native/3.4.1051/avr8-gnu-toolchain/bin/../lib/gcc/avr/4.8.1/avr5\libgcc.a(_epilogue.o)
 *(.data*)
 .data.minDelta.2588
                0x00800060        0x2 Algorithm.o
 .data.onTime.2589
                0x00800062        0x1 Algorithm.o
 .data.maxResult.2841
                0x00800063        0x4 Algorithm.o
 .data.prevMaxResult.2842
                0x00800067        0x4 Algorithm.o
 .data.globalError
                0x0080006b        0x1 Masters Thesis.o
                0x0080006b                globalError
 .data.C1       0x0080006c       0x18 Masters Thesis.o
                0x0080006c                C1
 .data.logMode  0x00800084        0x1 Masters Thesis.o
                0x00800084                logMode
 .data._AVRStdout
                0x00800085        0xe Masters Thesis.o
 .data.LT6802State.2720
                0x00800093        0x1 Masters Thesis.o
 *(.rodata)
 .rodata        0x00800094        0x6 Algorithm.o
 .rodata        0x0080009a       0x20 Masters Thesis.o
 *(.rodata*)
 *(.gnu.linkonce.d*)
                0x008000ba                . = ALIGN (0x2)
                0x008000ba                _edata = .
                0x008000ba                PROVIDE (__data_end, .)

.bss            0x008000ba      0x208
                0x008000ba                PROVIDE (__bss_start, .)
 *(.bss)
 *(.bss*)
 .bss.ActiveBalanceMode
                0x008000ba        0x1 Algorithm.o
                0x008000ba                ActiveBalanceMode
 .bss.state.2586
                0x008000bb        0x1 Algorithm.o
 .bss.timeRec.2587
                0x008000bc        0x4 Algorithm.o
 .bss.subThread.2616
                0x008000c0        0x4 Algorithm.o
 .bss.tBegin.2639
                0x008000c4        0x4 Algorithm.o
 .bss.currentCell.2641
                0x008000c8        0x1 Algorithm.o
 .bss.repetitionCount.2640
                0x008000c9        0x1 Algorithm.o
 .bss.state.2663
                0x008000ca        0x1 Algorithm.o
 .bss.state.2689
                0x008000cb        0x1 Algorithm.o
 .bss.count.2690
                0x008000cc        0x1 Algorithm.o
 .bss.tBegin.2712
                0x008000cd        0x4 Algorithm.o
 .bss.subThread.2717
                0x008000d1        0x4 Algorithm.o
 .bss.tempCap.2718
                0x008000d5        0x4 Algorithm.o
 .bss.SOC.2719  0x008000d9        0x1 Algorithm.o
 .bss.i.2721    0x008000da        0x1 Algorithm.o
 .bss.timeRec.2720
                0x008000db        0x4 Algorithm.o
 .bss.netStackI.2845
                0x008000df        0x4 Algorithm.o
 .bss.result.2840
                0x008000e3        0x4 Algorithm.o
 .bss.tempMaxResult.2843
                0x008000e7        0x4 Algorithm.o
 .bss.currentAccumulators
                0x008000eb       0x30 Masters Thesis.o
                0x008000eb                currentAccumulators
 .bss.stackCurrent
                0x0080011b        0x2 Masters Thesis.o
                0x0080011b                stackCurrent
 .bss.time      0x0080011d        0x4 Masters Thesis.o
                0x0080011d                time
 .bss.NewADCReadings
                0x00800121        0x1 Masters Thesis.o
                0x00800121                NewADCReadings
 .bss.NewISenseReadings
                0x00800122        0x1 Masters Thesis.o
                0x00800122                NewISenseReadings
 .bss.balanceMode
                0x00800123        0x1 Masters Thesis.o
                0x00800123                balanceMode
 .bss.force6802Conversion
                0x00800124        0x1 Masters Thesis.o
                0x00800124                force6802Conversion
 .bss.inhibitStackIADC
                0x00800125        0x1 Masters Thesis.o
                0x00800125                inhibitStackIADC
 .bss.R1I       0x00800126       0x30 Masters Thesis.o
                0x00800126                R1I
 .bss.SPIStatus
                0x00800156        0x8 Masters Thesis.o
                0x00800156                SPIStatus
 .bss.updateCFGReg
                0x0080015e        0x1 Masters Thesis.o
                0x0080015e                updateCFGReg
 .bss.balancePWMCount.2693
                0x0080015f       0x18 Masters Thesis.o
 .bss.configRegisters.2721
                0x00800177        0x7 Masters Thesis.o
 .bss.hundredMSCount.2727
                0x0080017e        0x1 Masters Thesis.o
 .bss.stoppedBalancers.2726
                0x0080017f        0x1 Masters Thesis.o
 .bss.addressCommPacket.2722
                0x00800180        0x2 Masters Thesis.o
 .bss.ADCTimoutTime.2728
                0x00800182        0x4 Masters Thesis.o
 .bss.flagRegisters.2723
                0x00800186        0x5 Masters Thesis.o
 .bss.errorCount.2725
                0x0080018b        0x1 Masters Thesis.o
 .bss.badDataCount.2724
                0x0080018c        0x1 Masters Thesis.o
 .bss.prevLogMode.2751
                0x0080018d        0x1 Masters Thesis.o
 .bss.lastTime.2776
                0x0080018e        0x4 Masters Thesis.o
 .bss.reading.2774
                0x00800192        0x2 Masters Thesis.o
 .bss.errorCount.2775
                0x00800194        0x1 Masters Thesis.o
 .bss.ADCState.2795
                0x00800195        0x1 Masters Thesis.o
 .bss.ADC0.2793
                0x00800196        0x2 Masters Thesis.o
 .bss.ADC1.2794
                0x00800198        0x2 Masters Thesis.o
 *(COMMON)
 COMMON         0x0080019a       0x30 Algorithm.o
                0x0080019a                BDCMult
 COMMON         0x008001ca       0xf2 Masters Thesis.o
                0x008001ca                capacities
                0x008001fa                hundredMSPassed
                0x008001fb                UART_TxHead
                0x008001fc                oneSecondPassed
                0x008001fd                DischargerStatus
                0x008001ff                R1
                0x00800217                UART_TxTail
                0x00800218                R
                0x00800230                UART_TxBuf
                0x008002b0                balancePWMThresholds
 COMMON         0x008002bc        0x6 c:/program files (x86)/atmel/atmel toolchain/avr8 gcc/native/3.4.1051/avr8-gnu-toolchain/bin/../lib/gcc/avr/4.8.1/../../../../avr/lib/avr5\libc.a(iob.o)
                0x008002bc                __iob
                0x008002c2                PROVIDE (__bss_end, .)
                0x00005724                __data_load_start = LOADADDR (.data)
                0x0000577e                __data_load_end = (__data_load_start + SIZEOF (.data))

.noinit         0x008002c2        0x0
                0x008002c2                PROVIDE (__noinit_start, .)
 *(.noinit*)
                0x008002c2                PROVIDE (__noinit_end, .)
                0x008002c2                _end = .
                0x008002c2                PROVIDE (__heap_start, .)

.eeprom         0x00810000       0x78
 *(.eeprom*)
 .eeprom        0x00810000       0x78 Algorithm.o
                0x00810000                REEPROM
                0x00810018                R1EEPROM
                0x00810030                C1EEPROM
                0x00810048                capEEPROM
                0x00810078                __eeprom_end = .

.fuse
 *(.fuse)
 *(.lfuse)
 *(.hfuse)
 *(.efuse)

.lock
 *(.lock*)

.signature
 *(.signature*)

.user_signatures
 *(.user_signatures*)

.stab
 *(.stab)

.stabstr
 *(.stabstr)

.stab.excl
 *(.stab.excl)

.stab.exclstr
 *(.stab.exclstr)

.stab.index
 *(.stab.index)

.stab.indexstr
 *(.stab.indexstr)

.comment        0x00000000       0x5c
 *(.comment)
 .comment       0x00000000       0x30 Algorithm.o
                                 0x31 (size before relaxing)
 .comment       0x00000000       0x31 LT6802.o
 .comment       0x00000000       0x31 Masters Thesis.o
 .comment       0x00000000       0x31 Utils.o
 .comment       0x00000000       0x31 c:/program files (x86)/atmel/atmel toolchain/avr8 gcc/native/3.4.1051/avr8-gnu-toolchain/bin/../lib/gcc/avr/4.8.1/../../../../avr/lib/avr5\libc.a(iob.o)
 .comment       0x00000000       0x31 c:/program files (x86)/atmel/atmel toolchain/avr8 gcc/native/3.4.1051/avr8-gnu-toolchain/bin/../lib/gcc/avr/4.8.1/../../../../avr/lib/avr5\libc.a(printf.o)
 .comment       0x00000000       0x31 c:/program files (x86)/atmel/atmel toolchain/avr8 gcc/native/3.4.1051/avr8-gnu-toolchain/bin/../lib/gcc/avr/4.8.1/../../../../avr/lib/avr5\libc.a(printf_p.o)
 .comment       0x00000000       0x31 c:/program files (x86)/atmel/atmel toolchain/avr8 gcc/native/3.4.1051/avr8-gnu-toolchain/bin/../lib/gcc/avr/4.8.1/../../../../avr/lib/avr5\libc.a(puts_p.o)
 .comment       0x00000030       0x2c c:/program files (x86)/atmel/atmel toolchain/avr8 gcc/native/3.4.1051/avr8-gnu-toolchain/bin/../lib/gcc/avr/4.8.1/../../../../avr/lib/avr5\libc.a(vfprintf_std.o)
                                 0x2d (size before relaxing)
 .comment       0x00000000       0x31 c:/program files (x86)/atmel/atmel toolchain/avr8 gcc/native/3.4.1051/avr8-gnu-toolchain/bin/../lib/gcc/avr/4.8.1/../../../../avr/lib/avr5\libc.a(fputc.o)

.note.gnu.build-id
 *(.note.gnu.build-id)

.debug
 *(.debug)

.line
 *(.line)

.debug_srcinfo
 *(.debug_srcinfo)

.debug_sfnames
 *(.debug_sfnames)

.debug_aranges  0x00000000      0x1a8
 *(.debug_aranges)
 .debug_aranges
                0x00000000       0x80 Algorithm.o
 .debug_aranges
                0x00000080       0x30 LT6802.o
 .debug_aranges
                0x000000b0       0x80 Masters Thesis.o
 .debug_aranges
                0x00000130       0x78 Utils.o

.debug_pubnames
 *(.debug_pubnames)

.debug_info     0x00000000     0x3f9a
 *(.debug_info .gnu.linkonce.wi.*)
 .debug_info    0x00000000     0x1894 Algorithm.o
 .debug_info    0x00001894      0x1e2 LT6802.o
 .debug_info    0x00001a76     0x1741 Masters Thesis.o
 .debug_info    0x000031b7      0xde3 Utils.o

.debug_abbrev   0x00000000      0x956
 *(.debug_abbrev)
 .debug_abbrev  0x00000000      0x275 Algorithm.o
 .debug_abbrev  0x00000275       0xd7 LT6802.o
 .debug_abbrev  0x0000034c      0x3b5 Masters Thesis.o
 .debug_abbrev  0x00000701      0x255 Utils.o

.debug_line     0x00000000      0xf06
 *(.debug_line .debug_line.* .debug_line_end)
 .debug_line    0x00000000      0x63b Algorithm.o
 .debug_line    0x0000063b      0x127 LT6802.o
 .debug_line    0x00000762      0x50d Masters Thesis.o
 .debug_line    0x00000c6f      0x297 Utils.o

.debug_frame    0x00000000      0x748
 *(.debug_frame)
 .debug_frame   0x00000000      0x264 Algorithm.o
 .debug_frame   0x00000264       0x74 LT6802.o
 .debug_frame   0x000002d8      0x2d0 Masters Thesis.o
 .debug_frame   0x000005a8      0x1a0 Utils.o

.debug_str      0x00000000     0x1429
 *(.debug_str)
 .debug_str     0x00000000      0xa8a Algorithm.o
                                0xb25 (size before relaxing)
 .debug_str     0x00000a8a       0x84 LT6802.o
                                0x201 (size before relaxing)
 .debug_str     0x00000b0e      0x7e2 Masters Thesis.o
                                0xdbb (size before relaxing)
 .debug_str     0x000012f0      0x139 Utils.o
                                0x79e (size before relaxing)

.debug_loc      0x00000000      0xff9
 *(.debug_loc)
 .debug_loc     0x00000000      0x551 Algorithm.o
 .debug_loc     0x00000551       0xd6 LT6802.o
 .debug_loc     0x00000627      0x66f Masters Thesis.o
 .debug_loc     0x00000c96      0x363 Utils.o

.debug_macinfo
 *(.debug_macinfo)

.debug_weaknames
 *(.debug_weaknames)

.debug_funcnames
 *(.debug_funcnames)

.debug_typenames
 *(.debug_typenames)

.debug_varnames
 *(.debug_varnames)

.debug_pubtypes
 *(.debug_pubtypes)

.debug_ranges   0x00000000      0x168
 *(.debug_ranges)
 .debug_ranges  0x00000000       0x70 Algorithm.o
 .debug_ranges  0x00000070       0x20 LT6802.o
 .debug_ranges  0x00000090       0x70 Masters Thesis.o
 .debug_ranges  0x00000100       0x68 Utils.o

.debug_macro
 *(.debug_macro)
OUTPUT(Masters Thesis.elf elf32-avr)
LOAD linker stubs
